2026-06-01 17:23:09,076 | WARNING | Khong co anh trong D:\DeepLearning\Deep2\train\images
2026-06-01 17:23:09,076 | WARNING | Khong co anh trong D:\DeepLearning\Deep2\valid\images
2026-06-01 17:23:09,076 | WARNING | Khong co anh trong D:\DeepLearning\Deep2\test\images
2026-06-01 17:23:09,076 | INFO | Hoan tat extract. Tong sequence da luu: 0
2026-06-01 17:23:09,076 | WARNING | Chua luu sequence nao. Kiem tra --seq_len, --pad_last, label va source.
2026-06-01 17:26:33,774 | INFO | Da luu dataset_extracted\train\seq_000000.npy
2026-06-01 17:26:36,654 | INFO | Da luu dataset_extracted\train\seq_000001.npy
2026-06-01 17:26:39,419 | INFO | Da luu dataset_extracted\train\seq_000002.npy
2026-06-01 17:26:42,359 | INFO | Da luu dataset_extracted\train\seq_000003.npy
2026-06-01 17:26:45,090 | INFO | Da luu dataset_extracted\train\seq_000004.npy
2026-06-01 17:26:48,195 | INFO | Da luu dataset_extracted\train\seq_000005.npy
2026-06-01 17:26:51,141 | INFO | Da luu dataset_extracted\train\seq_000006.npy
2026-06-01 17:26:54,118 | INFO | Da luu dataset_extracted\train\seq_000007.npy
2026-06-01 17:26:57,195 | INFO | Da luu dataset_extracted\train\seq_000008.npy
2026-06-01 17:27:00,105 | INFO | Da luu dataset_extracted\train\seq_000009.npy
2026-06-01 17:27:03,629 | INFO | Da luu dataset_extracted\train\seq_000010.npy
2026-06-01 17:27:09,684 | INFO | Da luu dataset_extracted\train\seq_000011.npy
2026-06-01 17:27:15,002 | INFO | Da luu dataset_extracted\train\seq_000012.npy
2026-06-01 17:27:19,716 | INFO | Da luu dataset_extracted\train\seq_000013.npy
2026-06-01 17:27:24,766 | INFO | Da luu dataset_extracted\train\seq_000014.npy
2026-06-01 17:27:29,707 | INFO | Da luu dataset_extracted\train\seq_000015.npy
2026-06-01 17:27:34,518 | INFO | Da luu dataset_extracted\train\seq_000016.npy
2026-06-01 17:27:39,229 | INFO | Da luu dataset_extracted\train\seq_000017.npy
2026-06-01 17:27:44,032 | INFO | Da luu dataset_extracted\train\seq_000018.npy
2026-06-01 17:27:49,791 | INFO | Da luu dataset_extracted\train\seq_000019.npy
2026-06-01 17:27:55,815 | INFO | Da luu dataset_extracted\train\seq_000020.npy
2026-06-01 17:28:00,890 | INFO | Da luu dataset_extracted\train\seq_000021.npy
2026-06-01 17:28:05,683 | INFO | Da luu dataset_extracted\train\seq_000022.npy
2026-06-01 17:28:10,121 | INFO | Da luu dataset_extracted\train\seq_000023.npy
2026-06-01 17:28:14,556 | INFO | Da luu dataset_extracted\train\seq_000024.npy
2026-06-01 17:28:19,037 | INFO | Da luu dataset_extracted\train\seq_000025.npy
2026-06-01 17:28:23,970 | INFO | Da luu dataset_extracted\train\seq_000026.npy
2026-06-01 17:28:28,106 | INFO | Da luu dataset_extracted\train\seq_000027.npy
2026-06-01 17:28:31,991 | INFO | Da luu dataset_extracted\train\seq_000028.npy
2026-06-01 17:28:36,729 | INFO | Da luu dataset_extracted\train\seq_000029.npy
2026-06-01 17:28:41,719 | INFO | Da luu dataset_extracted\train\seq_000030.npy
2026-06-01 17:28:46,537 | INFO | Da luu dataset_extracted\train\seq_000031.npy
2026-06-01 17:28:50,737 | INFO | Da luu dataset_extracted\train\seq_000032.npy
2026-06-01 17:28:54,572 | INFO | Da luu dataset_extracted\train\seq_000033.npy
2026-06-01 17:28:59,259 | INFO | Da luu dataset_extracted\train\seq_000034.npy
2026-06-01 17:29:03,352 | INFO | Da luu dataset_extracted\train\seq_000035.npy
2026-06-01 17:29:06,687 | INFO | Da luu dataset_extracted\train\seq_000036.npy
2026-06-01 17:29:10,217 | INFO | Da luu dataset_extracted\train\seq_000037.npy
2026-06-01 17:29:13,849 | INFO | Da luu dataset_extracted\train\seq_000038.npy
2026-06-01 17:29:17,542 | INFO | Da luu dataset_extracted\train\seq_000039.npy
2026-06-01 17:29:21,365 | INFO | Da luu dataset_extracted\train\seq_000040.npy
2026-06-01 17:29:25,450 | INFO | Da luu dataset_extracted\train\seq_000041.npy
2026-06-01 17:29:29,894 | INFO | Da luu dataset_extracted\train\seq_000042.npy
2026-06-01 17:29:34,251 | INFO | Da luu dataset_extracted\train\seq_000043.npy
2026-06-01 17:29:38,560 | INFO | Da luu dataset_extracted\train\seq_000044.npy
2026-06-01 17:29:42,875 | INFO | Da luu dataset_extracted\train\seq_000045.npy
2026-06-01 17:29:47,141 | INFO | Da luu dataset_extracted\train\seq_000046.npy
2026-06-01 17:29:51,046 | INFO | Da luu dataset_extracted\train\seq_000047.npy
2026-06-01 17:34:01,678 | INFO | Da luu dataset_extracted\train\seq_000000.npy
2026-06-01 17:34:04,696 | INFO | Da luu dataset_extracted\train\seq_000001.npy
2026-06-01 17:34:07,496 | INFO | Da luu dataset_extracted\train\seq_000002.npy
2026-06-01 17:34:10,833 | INFO | Da luu dataset_extracted\train\seq_000003.npy
2026-06-01 17:34:13,918 | INFO | Da luu dataset_extracted\train\seq_000004.npy
2026-06-01 17:34:16,649 | INFO | Da luu dataset_extracted\train\seq_000005.npy
2026-06-01 17:34:19,487 | INFO | Da luu dataset_extracted\train\seq_000006.npy
2026-06-01 17:34:22,249 | INFO | Da luu dataset_extracted\train\seq_000007.npy
2026-06-01 17:34:25,115 | INFO | Da luu dataset_extracted\train\seq_000008.npy
2026-06-01 17:34:27,899 | INFO | Da luu dataset_extracted\train\seq_000009.npy
2026-06-01 17:34:30,811 | INFO | Da luu dataset_extracted\train\seq_000010.npy
2026-06-01 17:34:33,558 | INFO | Da luu dataset_extracted\train\seq_000011.npy
2026-06-01 17:34:36,358 | INFO | Da luu dataset_extracted\train\seq_000012.npy
2026-06-01 17:34:39,110 | INFO | Da luu dataset_extracted\train\seq_000013.npy
2026-06-01 17:34:42,093 | INFO | Da luu dataset_extracted\train\seq_000014.npy
2026-06-01 17:34:45,486 | INFO | Da luu dataset_extracted\train\seq_000015.npy
2026-06-01 17:34:48,832 | INFO | Da luu dataset_extracted\train\seq_000016.npy
2026-06-01 17:34:52,508 | INFO | Da luu dataset_extracted\train\seq_000017.npy
2026-06-01 17:34:56,308 | INFO | Da luu dataset_extracted\train\seq_000018.npy
2026-06-01 17:35:00,694 | INFO | Da luu dataset_extracted\train\seq_000019.npy
2026-06-01 17:35:05,456 | INFO | Da luu dataset_extracted\train\seq_000020.npy
2026-06-01 17:35:09,841 | INFO | Da luu dataset_extracted\train\seq_000021.npy
2026-06-01 17:35:14,321 | INFO | Da luu dataset_extracted\train\seq_000022.npy
2026-06-01 17:35:19,003 | INFO | Da luu dataset_extracted\train\seq_000023.npy
2026-06-01 17:35:23,369 | INFO | Da luu dataset_extracted\train\seq_000024.npy
2026-06-01 17:35:27,633 | INFO | Da luu dataset_extracted\train\seq_000025.npy
2026-06-01 17:35:31,952 | INFO | Da luu dataset_extracted\train\seq_000026.npy
2026-06-01 17:35:36,136 | INFO | Da luu dataset_extracted\train\seq_000027.npy
2026-06-01 17:35:40,452 | INFO | Da luu dataset_extracted\train\seq_000028.npy
2026-06-01 17:35:44,716 | INFO | Da luu dataset_extracted\train\seq_000029.npy
2026-06-01 17:35:48,699 | INFO | Da luu dataset_extracted\train\seq_000030.npy
2026-06-01 17:35:52,415 | INFO | Da luu dataset_extracted\train\seq_000031.npy
2026-06-01 17:35:55,931 | INFO | Da luu dataset_extracted\train\seq_000032.npy
2026-06-01 17:35:59,316 | INFO | Da luu dataset_extracted\train\seq_000033.npy
2026-06-01 17:36:02,725 | INFO | Da luu dataset_extracted\train\seq_000034.npy
2026-06-01 17:36:05,940 | INFO | Da luu dataset_extracted\train\seq_000035.npy
2026-06-01 17:36:09,231 | INFO | Da luu dataset_extracted\train\seq_000036.npy
2026-06-01 17:36:12,374 | INFO | Da luu dataset_extracted\train\seq_000037.npy
2026-06-01 17:36:15,479 | INFO | Da luu dataset_extracted\train\seq_000038.npy
2026-06-01 17:36:18,563 | INFO | Da luu dataset_extracted\train\seq_000039.npy
2026-06-01 17:36:22,030 | INFO | Da luu dataset_extracted\train\seq_000040.npy
2026-06-01 17:36:25,333 | INFO | Da luu dataset_extracted\train\seq_000041.npy
2026-06-01 17:36:28,730 | INFO | Da luu dataset_extracted\train\seq_000042.npy
2026-06-01 17:36:32,235 | INFO | Da luu dataset_extracted\train\seq_000043.npy
2026-06-01 17:36:35,676 | INFO | Da luu dataset_extracted\train\seq_000044.npy
2026-06-01 17:36:39,345 | INFO | Da luu dataset_extracted\train\seq_000045.npy
2026-06-01 17:36:43,236 | INFO | Da luu dataset_extracted\train\seq_000046.npy
2026-06-01 17:36:47,647 | INFO | Da luu dataset_extracted\train\seq_000047.npy
2026-06-01 17:36:52,015 | WARNING | Bo qua anh khong suy ra duoc label: D:\DeepLearning\Deep2\driver_drowsiness_Computer_Vision_Model\train\images\_18_jpg.rf.94047cdc957023ce9fa919a4c90fa72e.jpg | Khong suy ra duoc label cho D:\DeepLearning\Deep2\driver_drowsiness_Computer_Vision_Model\train\images\_18_jpg.rf.94047cdc957023ce9fa919a4c90fa72e.jpg. Hay dat ten file co drowsy/notdrowsy hoac truyen --label 0/1.
2026-06-01 17:36:52,018 | WARNING | Bo qua anh khong suy ra duoc label: D:\DeepLearning\Deep2\driver_drowsiness_Computer_Vision_Model\train\images\_18_jpg.rf.f8e28f4bf59f88506c408f99c1fa8879.jpg | Khong suy ra duoc label cho D:\DeepLearning\Deep2\driver_drowsiness_Computer_Vision_Model\train\images\_18_jpg.rf.f8e28f4bf59f88506c408f99c1fa8879.jpg. Hay dat ten file co drowsy/notdrowsy hoac truyen --label 0/1.
2026-06-01 17:36:52,196 | INFO | Da luu dataset_extracted\train\seq_000048.npy
2026-06-01 17:36:58,015 | INFO | Da luu dataset_extracted\train\seq_000049.npy
2026-06-01 17:37:02,533 | INFO | Da luu dataset_extracted\train\seq_000050.npy
2026-06-01 17:37:06,571 | INFO | Da luu dataset_extracted\train\seq_000051.npy
2026-06-01 17:37:10,198 | INFO | Da luu dataset_extracted\train\seq_000052.npy
2026-06-01 17:37:13,652 | INFO | Da luu dataset_extracted\train\seq_000053.npy
2026-06-01 17:37:17,722 | INFO | Da luu dataset_extracted\train\seq_000054.npy
2026-06-01 17:37:20,952 | INFO | Da luu dataset_extracted\train\seq_000055.npy
2026-06-01 17:37:24,063 | INFO | Da luu dataset_extracted\train\seq_000056.npy
2026-06-01 17:37:27,250 | INFO | Da luu dataset_extracted\train\seq_000057.npy
2026-06-01 17:37:30,554 | INFO | Da luu dataset_extracted\train\seq_000058.npy
2026-06-01 17:37:33,555 | INFO | Da luu dataset_extracted\train\seq_000059.npy
2026-06-01 17:37:36,707 | INFO | Da luu dataset_extracted\train\seq_000060.npy
2026-06-01 17:37:39,798 | INFO | Da luu dataset_extracted\train\seq_000061.npy
2026-06-01 17:37:43,082 | INFO | Da luu dataset_extracted\train\seq_000062.npy
2026-06-01 17:37:46,567 | INFO | Da luu dataset_extracted\train\seq_000063.npy
2026-06-01 17:37:50,014 | INFO | Da luu dataset_extracted\train\seq_000064.npy
2026-06-01 17:37:53,563 | INFO | Da luu dataset_extracted\train\seq_000065.npy
2026-06-01 17:37:57,263 | INFO | Da luu dataset_extracted\train\seq_000066.npy
2026-06-01 17:38:01,177 | INFO | Da luu dataset_extracted\train\seq_000067.npy
2026-06-01 17:38:05,414 | INFO | Da luu dataset_extracted\train\seq_000068.npy
2026-06-01 17:38:09,626 | INFO | Da luu dataset_extracted\train\seq_000069.npy
2026-06-01 17:38:13,933 | INFO | Da luu dataset_extracted\train\seq_000070.npy
2026-06-01 17:38:18,125 | INFO | Da luu dataset_extracted\train\seq_000071.npy
2026-06-01 17:38:21,995 | INFO | Da luu dataset_extracted\train\seq_000072.npy
2026-06-01 17:38:25,585 | INFO | Da luu dataset_extracted\train\seq_000073.npy
2026-06-01 17:38:29,057 | INFO | Da luu dataset_extracted\train\seq_000074.npy
2026-06-01 17:38:32,643 | INFO | Da luu dataset_extracted\train\seq_000075.npy
2026-06-01 17:38:36,371 | INFO | Da luu dataset_extracted\train\seq_000076.npy
2026-06-01 17:38:39,781 | INFO | Da luu dataset_extracted\train\seq_000077.npy
2026-06-01 17:38:42,942 | INFO | Da luu dataset_extracted\train\seq_000078.npy
2026-06-01 17:38:45,898 | INFO | Da luu dataset_extracted\train\seq_000079.npy
2026-06-01 17:38:48,987 | INFO | Da luu dataset_extracted\train\seq_000080.npy
2026-06-01 17:38:52,087 | INFO | Da luu dataset_extracted\train\seq_000081.npy
2026-06-01 17:38:55,241 | INFO | Da luu dataset_extracted\train\seq_000082.npy
2026-06-01 17:38:58,537 | INFO | Da luu dataset_extracted\train\seq_000083.npy
2026-06-01 17:39:00,669 | WARNING | Bo qua anh khong suy ra duoc label: D:\DeepLearning\Deep2\driver_drowsiness_Computer_Vision_Model\train\images\_91_jpg.rf.154203cded62e10914a295070722b2fa.jpg | Khong suy ra duoc label cho D:\DeepLearning\Deep2\driver_drowsiness_Computer_Vision_Model\train\images\_91_jpg.rf.154203cded62e10914a295070722b2fa.jpg. Hay dat ten file co drowsy/notdrowsy hoac truyen --label 0/1.
2026-06-01 17:39:01,919 | INFO | Da luu dataset_extracted\train\seq_000084.npy
2026-06-01 17:39:02,389 | INFO | Da luu dataset_extracted\train\seq_000085.npy
2026-06-01 17:39:05,833 | INFO | Da luu dataset_extracted\val\seq_000000.npy
2026-06-01 17:39:09,452 | INFO | Da luu dataset_extracted\val\seq_000001.npy
2026-06-01 17:39:13,228 | INFO | Da luu dataset_extracted\val\seq_000002.npy
2026-06-01 17:39:16,993 | INFO | Da luu dataset_extracted\val\seq_000003.npy
2026-06-01 17:39:21,213 | INFO | Da luu dataset_extracted\val\seq_000004.npy
2026-06-01 17:39:25,563 | INFO | Da luu dataset_extracted\val\seq_000005.npy
2026-06-01 17:39:29,811 | INFO | Da luu dataset_extracted\val\seq_000006.npy
2026-06-01 17:39:33,912 | INFO | Da luu dataset_extracted\val\seq_000007.npy
2026-06-01 17:39:37,819 | INFO | Da luu dataset_extracted\val\seq_000008.npy
2026-06-01 17:39:40,306 | INFO | Da luu dataset_extracted\val\seq_000009.npy
2026-06-01 17:39:44,161 | INFO | Da luu dataset_extracted\test\seq_000000.npy
2026-06-01 17:39:47,493 | INFO | Da luu dataset_extracted\test\seq_000001.npy
2026-06-01 17:39:50,828 | INFO | Da luu dataset_extracted\test\seq_000002.npy
2026-06-01 17:39:54,142 | INFO | Da luu dataset_extracted\test\seq_000003.npy
2026-06-01 17:39:57,211 | INFO | Da luu dataset_extracted\test\seq_000004.npy
2026-06-01 17:40:00,360 | INFO | Da luu dataset_extracted\test\seq_000005.npy
2026-06-01 17:40:03,408 | INFO | Da luu dataset_extracted\test\seq_000006.npy
2026-06-01 17:40:06,680 | INFO | Da luu dataset_extracted\test\seq_000007.npy
2026-06-01 17:40:09,907 | INFO | Da luu dataset_extracted\test\seq_000008.npy
2026-06-01 17:40:13,189 | INFO | Da luu dataset_extracted\test\seq_000009.npy
2026-06-01 17:40:16,515 | INFO | Da luu dataset_extracted\test\seq_000010.npy
2026-06-01 17:40:19,915 | INFO | Da luu dataset_extracted\test\seq_000011.npy
2026-06-01 17:40:23,306 | INFO | Da luu dataset_extracted\test\seq_000012.npy
2026-06-01 17:40:26,942 | INFO | Da luu dataset_extracted\test\seq_000013.npy
2026-06-01 17:40:30,669 | INFO | Da luu dataset_extracted\test\seq_000014.npy
2026-06-01 17:40:34,552 | INFO | Da luu dataset_extracted\test\seq_000015.npy
2026-06-01 17:40:38,842 | INFO | Da luu dataset_extracted\test\seq_000016.npy
2026-06-01 17:40:43,187 | INFO | Da luu dataset_extracted\test\seq_000017.npy
2026-06-01 17:40:47,983 | INFO | Da luu dataset_extracted\test\seq_000018.npy
2026-06-01 17:40:48,972 | INFO | Da luu dataset_extracted\test\seq_000019.npy
2026-06-01 17:40:48,981 | INFO | Hoan tat extract. Tong sequence da luu: 116
